// Vitest Snapshot v1, https://vitest.dev/guide/snapshot.html

exports[`<SideMenu /> > should render with projects 1`] = `
"<aside class="bg-base-200 w-72 min-h-screen">
  <h2 class="text-lg font-bold mx-4">
    <router-link-stub to="/"></router-link-stub>
  </h2><!-- Menu -->
  <ul class="menu">
    <!-- Cada li con template (que solo agrupa a details), es un menú desplegable de un proyecto con sus tareas-->
    <li>
      <!--template aquí sirve como agrupador sin representacion HTML. Solo sirve para agrupar elementos (el div agrupa elementos y tiene representacion HTML).-->
      <details>
        <summary>
          <router-link-stub to="/project/1"></router-link-stub>
        </summary>
        <ul>
          <li>
            <router-link-stub to="/project/1"></router-link-stub>
          </li>
          <li>
            <router-link-stub to="/project/1"></router-link-stub>
          </li>
          <li>
            <router-link-stub to="/project/1"></router-link-stub>
          </li>
          <li>
            <router-link-stub to="/project/1"></router-link-stub>
          </li>
        </ul>
      </details>
    </li>
    <li>
      <!--template aquí sirve como agrupador sin representacion HTML. Solo sirve para agrupar elementos (el div agrupa elementos y tiene representacion HTML).-->
      <!--Enlace al proyecto solamente, en caso de que no tenga tareas-->
      <router-link-stub to="/project/2"></router-link-stub>
    </li>
    <li>
      <!--template aquí sirve como agrupador sin representacion HTML. Solo sirve para agrupar elementos (el div agrupa elementos y tiene representacion HTML).-->
      <details>
        <summary>
          <router-link-stub to="/project/3"></router-link-stub>
        </summary>
        <ul>
          <li>
            <router-link-stub to="/project/3"></router-link-stub>
          </li>
          <li>
            <router-link-stub to="/project/3"></router-link-stub>
          </li>
        </ul>
      </details>
    </li>
    <li>
      <!--template aquí sirve como agrupador sin representacion HTML. Solo sirve para agrupar elementos (el div agrupa elementos y tiene representacion HTML).-->
      <details>
        <summary>
          <router-link-stub to="/project/4"></router-link-stub>
        </summary>
        <ul>
          <li>
            <router-link-stub to="/project/4"></router-link-stub>
          </li>
          <li>
            <router-link-stub to="/project/4"></router-link-stub>
          </li>
          <li>
            <router-link-stub to="/project/4"></router-link-stub>
          </li>
        </ul>
      </details>
    </li>
  </ul>
</aside>"
`;
